[Main] Logging to logs\scraper_run_20260213_124453.log
[Main] Scheduler initialized at 2026-02-13 12:44:53
[Main] Scrapers will run every 15 minutes
[Main] Press Ctrl+C to stop


============================================================
Running scrapers at 2026-02-13 12:44:53
============================================================

[Main] Starting CVE scraper...
[CVE Scraper] Fetching 10 most recent CVEs from GitHub...
[CVE Scraper] Auth: no token | API budget this run: 80 requests
[CVE Scraper] Skipping year 2026: GitHub API rate limit exceeded. Set GITHUB_TOKEN or retry after reset.
[CVE Scraper] Successfully fetched 0 CVEs
[Main] CVE scraper completed.

[Main] Starting News scraper...
[News Scraper] Fetching headlines from CyberDaily AU...
  [ok] Found headline: Digital Transformation 98% of financial firms now use AI, le
  [ok] Found headline: Security Op-Ed: Latest Microsoft Patch Tuesday reveals 55 vu
  [ok] Found headline: Security Genetec adds AI-driven investigation tools to Secur
  [ok] Found headline: Security Chinese nationals charged with foreign interference
  [ok] Found headline: Digital Transformation Telstra, Accenture AI and data joint 
[News Scraper] Successfully fetched 5 headlines
[News Scraper] Saved 5 new headlines to data/cybersecurity_news.json
[News Scraper] Total headlines in database: 5
[Main] News scraper completed.

============================================================
Scrapers completed at 2026-02-13 12:44:53
Next run scheduled in 15 minutes
============================================================

